// Jest Snapshot v1, https://goo.gl/fbAQLP

exports[`EditNumber Renders correct 1`] = `
<styled.div>
  Бесплатный звонок по России
</styled.div>
`;
