// Jest Snapshot v1, https://goo.gl/fbAQLP

exports[`EditNumber Renders correct 1`] = `
<styled.div>
  Смотрите наш прямой эфир
</styled.div>
`;

exports[`LiveStream Renders correct 1`] = `
<styled.div>
  Смотрите наш прямой эфир
</styled.div>
`;
